// Jest Snapshot v1, https://goo.gl/fbAQLP

exports[`Swift code generation: Basic language constructs should handle multi-line descriptions 1`] = `
"// A hero
public struct Hero {
  public let name: String
  // A multiline comment
  // on the hero's name.
}"
`;
